// Jest Snapshot v1, https://goo.gl/fbAQLP

exports[`node matches snapshot 1`] = `undefined`;
