// Jest Snapshot v1, https://goo.gl/fbAQLP

exports[`Filter component renders correctly 1`] = `
<input
  className="articlesFilter"
  defaultValue="ter"
  onChange={[Function]}
  placeholder="Search Articles"
  type="text"
/>
`;
