// Jest Snapshot v1, https://goo.gl/fbAQLP

exports[`articles renders correction should render correctly 1`] = `
<div
  className="articles"
>
  <input
    className="articlesFilter"
    defaultValue=""
    onChange={[Function]}
    placeholder="Search Articles"
    type="text"
  />
</div>
`;
